------------------------------------------------------------
Timing Analyzer Summary
------------------------------------------------------------

Type  : Slow 1100mV 85C Model Setup 'KEY[0]'
Slack : -1.494
TNS   : -9.668

Type  : Slow 1100mV 85C Model Hold 'KEY[0]'
Slack : 0.461
TNS   : 0.000

Type  : Slow 1100mV 85C Model Minimum Pulse Width 'KEY[0]'
Slack : -0.538
TNS   : -6.909

Type  : Slow 1100mV 0C Model Setup 'KEY[0]'
Slack : -1.386
TNS   : -8.687

Type  : Slow 1100mV 0C Model Hold 'KEY[0]'
Slack : 0.490
TNS   : 0.000

Type  : Slow 1100mV 0C Model Minimum Pulse Width 'KEY[0]'
Slack : -0.538
TNS   : -6.957

Type  : Fast 1100mV 85C Model Setup 'KEY[0]'
Slack : -0.121
TNS   : -0.195

Type  : Fast 1100mV 85C Model Hold 'KEY[0]'
Slack : 0.365
TNS   : 0.000

Type  : Fast 1100mV 85C Model Minimum Pulse Width 'KEY[0]'
Slack : 0.040
TNS   : 0.000

Type  : Fast 1100mV 0C Model Setup 'KEY[0]'
Slack : -0.003
TNS   : -0.003

Type  : Fast 1100mV 0C Model Hold 'KEY[0]'
Slack : 0.343
TNS   : 0.000

Type  : Fast 1100mV 0C Model Minimum Pulse Width 'KEY[0]'
Slack : 0.039
TNS   : 0.000

------------------------------------------------------------
